{
  "version": "1.5.0",
  "plugins_used": [
    {
      "name": "ArtifactoryDetector"
    },
    {
      "name": "AWSKeyDetector"
    },
    {
      "name": "AzureStorageKeyDetector"
    },
    {
      "name": "Base64HighEntropyString",
      "limit": 4.5
    },
    {
      "name": "BasicAuthDetector"
    },
    {
      "name": "CloudantDetector"
    },
    {
      "name": "DiscordBotTokenDetector"
    },
    {
      "name": "GitHubTokenDetector"
    },
    {
      "name": "HexHighEntropyString",
      "limit": 3.0
    },
    {
      "name": "IbmCloudIamDetector"
    },
    {
      "name": "IbmCosHmacDetector"
    },
    {
      "name": "JwtTokenDetector"
    },
    {
      "name": "KeywordDetector",
      "keyword_exclude": ""
    },
    {
      "name": "MailchimpDetector"
    },
    {
      "name": "NpmDetector"
    },
    {
      "name": "PrivateKeyDetector"
    },
    {
      "name": "SendGridDetector"
    },
    {
      "name": "SlackDetector"
    },
    {
      "name": "SoftlayerDetector"
    },
    {
      "name": "SquareOAuthDetector"
    },
    {
      "name": "StripeDetector"
    },
    {
      "name": "TwilioKeyDetector"
    }
  ],
  "filters_used": [
    {
      "path": "detect_secrets.filters.allowlist.is_line_allowlisted"
    },
    {
      "path": "detect_secrets.filters.common.is_baseline_file",
      "filename": ".secrets.baseline"
    },
    {
      "path": "detect_secrets.filters.common.is_ignored_due_to_verification_policies",
      "min_level": 2
    },
    {
      "path": "detect_secrets.filters.heuristic.is_indirect_reference"
    },
    {
      "path": "detect_secrets.filters.heuristic.is_likely_id_string"
    },
    {
      "path": "detect_secrets.filters.heuristic.is_lock_file"
    },
    {
      "path": "detect_secrets.filters.heuristic.is_not_alphanumeric_string"
    },
    {
      "path": "detect_secrets.filters.heuristic.is_potential_uuid"
    },
    {
      "path": "detect_secrets.filters.heuristic.is_prefixed_with_dollar_sign"
    },
    {
      "path": "detect_secrets.filters.heuristic.is_sequential_string"
    },
    {
      "path": "detect_secrets.filters.heuristic.is_swagger_file"
    },
    {
      "path": "detect_secrets.filters.heuristic.is_templated_secret"
    }
  ],
  "results": {
    ".env.example": [
      {
        "type": "Basic Auth Credentials",
        "filename": ".env.example",
        "hashed_secret": "809c1451ea1c70c4025540c6469d81cc5e9d6c62",
        "is_verified": false,
        "line_number": 17
      }
    ],
    ".github\\workflows\\ci.yml": [
      {
        "type": "Secret Keyword",
        "filename": ".github\\workflows\\ci.yml",
        "hashed_secret": "307bcfeab95a5287f2564b083bb6dd9ad5fbdf3b",
        "is_verified": false,
        "line_number": 20
      },
      {
        "type": "Basic Auth Credentials",
        "filename": ".github\\workflows\\ci.yml",
        "hashed_secret": "307bcfeab95a5287f2564b083bb6dd9ad5fbdf3b",
        "is_verified": false,
        "line_number": 85
      },
      {
        "type": "Secret Keyword",
        "filename": ".github\\workflows\\ci.yml",
        "hashed_secret": "6a75aee74fc650a6ca8ca60b75b7b3bf64c76b20",
        "is_verified": false,
        "line_number": 87
      }
    ],
    ".github\\workflows\\e2e-tests.yml": [
      {
        "type": "Secret Keyword",
        "filename": ".github\\workflows\\e2e-tests.yml",
        "hashed_secret": "e111d7d62d1768671e4e1932c049d30680eda8c5",
        "is_verified": false,
        "line_number": 50
      },
      {
        "type": "Basic Auth Credentials",
        "filename": ".github\\workflows\\e2e-tests.yml",
        "hashed_secret": "9fb7fe1217aed442b04c0f5e43b5d5a7d3287097",
        "is_verified": false,
        "line_number": 73
      },
      {
        "type": "Secret Keyword",
        "filename": ".github\\workflows\\e2e-tests.yml",
        "hashed_secret": "72261b0835e6878d0a12b51862aed2ed6cee9ce9",
        "is_verified": false,
        "line_number": 140
      },
      {
        "type": "Secret Keyword",
        "filename": ".github\\workflows\\e2e-tests.yml",
        "hashed_secret": "63e8fc7b4598c7533734aabb8603b7bf50ab2016",
        "is_verified": false,
        "line_number": 260
      }
    ],
    "CODING_STANDARDS.md": [
      {
        "type": "Secret Keyword",
        "filename": "CODING_STANDARDS.md",
        "hashed_secret": "159920628cb789601a3ef7859918baa2e9ea7d15",
        "is_verified": false,
        "line_number": 442
      }
    ],
    "alembic.ini": [
      {
        "type": "Basic Auth Credentials",
        "filename": "alembic.ini",
        "hashed_secret": "9d4e1e23bd5b727046a9e3b4b7db57bd8d6ee684",
        "is_verified": false,
        "line_number": 63
      }
    ],
    "app\\schemas\\user.py": [
      {
        "type": "Secret Keyword",
        "filename": "app\\schemas\\user.py",
        "hashed_secret": "3c3b274d119ff5a5ec6c1e215c1cb794d9973ac1",
        "is_verified": false,
        "line_number": 238
      },
      {
        "type": "Secret Keyword",
        "filename": "app\\schemas\\user.py",
        "hashed_secret": "9e0567dd2b345075ac6ec10979b95be71fcb7ad9",
        "is_verified": false,
        "line_number": 239
      }
    ],
    "app\\security\\incident_response.py": [
      {
        "type": "Secret Keyword",
        "filename": "app\\security\\incident_response.py",
        "hashed_secret": "868a882a74b3f7f4cc49d8914e144ef07b3ea9d5",
        "is_verified": false,
        "line_number": 41
      }
    ],
    "aura\\src\\components\\auth\\LoginForm.tsx": [
      {
        "type": "Secret Keyword",
        "filename": "aura\\src\\components\\auth\\LoginForm.tsx",
        "hashed_secret": "6c56a9249cba324d029f725f1f7c0e47184e2dcf",
        "is_verified": false,
        "line_number": 58
      },
      {
        "type": "Secret Keyword",
        "filename": "aura\\src\\components\\auth\\LoginForm.tsx",
        "hashed_secret": "3e7d56a95804ff3c322b97a7e7cdba25dc920957",
        "is_verified": false,
        "line_number": 60
      }
    ],
    "aura\\src\\components\\auth\\RegisterForm.tsx": [
      {
        "type": "Secret Keyword",
        "filename": "aura\\src\\components\\auth\\RegisterForm.tsx",
        "hashed_secret": "6c56a9249cba324d029f725f1f7c0e47184e2dcf",
        "is_verified": false,
        "line_number": 74
      },
      {
        "type": "Secret Keyword",
        "filename": "aura\\src\\components\\auth\\RegisterForm.tsx",
        "hashed_secret": "afde23a7d3f53e30e94766f9626660af691ed96b",
        "is_verified": false,
        "line_number": 76
      },
      {
        "type": "Secret Keyword",
        "filename": "aura\\src\\components\\auth\\RegisterForm.tsx",
        "hashed_secret": "51d69ae6046d2a3be245449d5b38165d5d78def5",
        "is_verified": false,
        "line_number": 80
      },
      {
        "type": "Secret Keyword",
        "filename": "aura\\src\\components\\auth\\RegisterForm.tsx",
        "hashed_secret": "d69c3b1ac54be7da3666d9937b9c78e7c309d6e8",
        "is_verified": false,
        "line_number": 82
      },
      {
        "type": "Secret Keyword",
        "filename": "aura\\src\\components\\auth\\RegisterForm.tsx",
        "hashed_secret": "2223adaf8c683a0986b3d5125251da164cfd179e",
        "is_verified": false,
        "line_number": 138
      }
    ],
    "aura\\src\\components\\enterprise\\TenantManagement.tsx": [
      {
        "type": "Secret Keyword",
        "filename": "aura\\src\\components\\enterprise\\TenantManagement.tsx",
        "hashed_secret": "53e76dc6c77c4826c232d480a7fe2de6cd6d1f1b",
        "is_verified": false,
        "line_number": 238
      }
    ],
    "aura\\src\\services\\cryptoService.ts": [
      {
        "type": "Secret Keyword",
        "filename": "aura\\src\\services\\cryptoService.ts",
        "hashed_secret": "da795c9947f17065928a2fe35afd04de615b3ec4",
        "is_verified": false,
        "line_number": 9
      }
    ],
    "aura\\src\\services\\demoService.ts": [
      {
        "type": "Secret Keyword",
        "filename": "aura\\src\\services\\demoService.ts",
        "hashed_secret": "f865b53623b121fd34ee5426c792e5c33af8c227",
        "is_verified": false,
        "line_number": 15
      },
      {
        "type": "Secret Keyword",
        "filename": "aura\\src\\services\\demoService.ts",
        "hashed_secret": "f35bc30c0ab883785eb8909fe8db729e6e591a9e",
        "is_verified": false,
        "line_number": 30
      },
      {
        "type": "Secret Keyword",
        "filename": "aura\\src\\services\\demoService.ts",
        "hashed_secret": "a32314cf50eed55eef21f6fe1a466b047213c688",
        "is_verified": false,
        "line_number": 45
      },
      {
        "type": "Secret Keyword",
        "filename": "aura\\src\\services\\demoService.ts",
        "hashed_secret": "95c946bf622ef93b0a211cd0fd028dfdfcf7e39e",
        "is_verified": false,
        "line_number": 60
      },
      {
        "type": "Secret Keyword",
        "filename": "aura\\src\\services\\demoService.ts",
        "hashed_secret": "f598b7416d207009c452d505ed76ba0e2c9f15be",
        "is_verified": false,
        "line_number": 75
      }
    ],
    "aura\\src\\types\\index.ts": [
      {
        "type": "Secret Keyword",
        "filename": "aura\\src\\types\\index.ts",
        "hashed_secret": "f019571b10be8cf5c4cf3a8f31ccbeed5fb13701",
        "is_verified": false,
        "line_number": 112
      },
      {
        "type": "Secret Keyword",
        "filename": "aura\\src\\types\\index.ts",
        "hashed_secret": "5baa61e4c9b93f3f0682250b6cf8331b7ee68fd8",
        "is_verified": false,
        "line_number": 309
      }
    ],
    "debug_auth.py": [
      {
        "type": "Secret Keyword",
        "filename": "debug_auth.py",
        "hashed_secret": "0c6ba03885f3aae765fbf20f07f514a44dbda30a",
        "is_verified": false,
        "line_number": 10
      }
    ],
    "scripts\\run_e2e_tests.sh": [
      {
        "type": "Basic Auth Credentials",
        "filename": "scripts\\run_e2e_tests.sh",
        "hashed_secret": "afc848c316af1a89d49826c5ae9d00ed769415f3",
        "is_verified": false,
        "line_number": 299
      },
      {
        "type": "Secret Keyword",
        "filename": "scripts\\run_e2e_tests.sh",
        "hashed_secret": "72261b0835e6878d0a12b51862aed2ed6cee9ce9",
        "is_verified": false,
        "line_number": 304
      }
    ],
    "scripts\\test_enterprise_system.py": [
      {
        "type": "Secret Keyword",
        "filename": "scripts\\test_enterprise_system.py",
        "hashed_secret": "327d106bf608b1f63bf5cbc5d1b6ea2d6836b446",
        "is_verified": false,
        "line_number": 168
      },
      {
        "type": "Secret Keyword",
        "filename": "scripts\\test_enterprise_system.py",
        "hashed_secret": "4f37cc729a956f983292e9f247af64293d645977",
        "is_verified": false,
        "line_number": 291
      },
      {
        "type": "Secret Keyword",
        "filename": "scripts\\test_enterprise_system.py",
        "hashed_secret": "4b1ad4faa627f9ff0d5e60b4e727618285277270",
        "is_verified": false,
        "line_number": 323
      }
    ],
    "simple_test.ps1": [
      {
        "type": "Secret Keyword",
        "filename": "simple_test.ps1",
        "hashed_secret": "0c6ba03885f3aae765fbf20f07f514a44dbda30a",
        "is_verified": false,
        "line_number": 8
      }
    ],
    "tests\\conftest.py": [
      {
        "type": "Secret Keyword",
        "filename": "tests\\conftest.py",
        "hashed_secret": "e3793eab92c310ace1ab54328bb459f8a3deb668",
        "is_verified": false,
        "line_number": 43
      },
      {
        "type": "Secret Keyword",
        "filename": "tests\\conftest.py",
        "hashed_secret": "06f554d870547a26ed60784b79b2c4ad01e25001",
        "is_verified": false,
        "line_number": 51
      },
      {
        "type": "Secret Keyword",
        "filename": "tests\\conftest.py",
        "hashed_secret": "641f19c573678f7a95319e4f79aa09630965a669",
        "is_verified": false,
        "line_number": 59
      },
      {
        "type": "Secret Keyword",
        "filename": "tests\\conftest.py",
        "hashed_secret": "95ba86a29f472848bf8252e6bd25b498ccefcee2",
        "is_verified": false,
        "line_number": 67
      }
    ],
    "tests\\e2e\\test_analytics_reporting.py": [
      {
        "type": "Secret Keyword",
        "filename": "tests\\e2e\\test_analytics_reporting.py",
        "hashed_secret": "e3793eab92c310ace1ab54328bb459f8a3deb668",
        "is_verified": false,
        "line_number": 572
      }
    ],
    "tests\\e2e\\test_authentication_security.py": [
      {
        "type": "Secret Keyword",
        "filename": "tests\\e2e\\test_authentication_security.py",
        "hashed_secret": "e3793eab92c310ace1ab54328bb459f8a3deb668",
        "is_verified": false,
        "line_number": 50
      },
      {
        "type": "Secret Keyword",
        "filename": "tests\\e2e\\test_authentication_security.py",
        "hashed_secret": "06f554d870547a26ed60784b79b2c4ad01e25001",
        "is_verified": false,
        "line_number": 125
      },
      {
        "type": "Secret Keyword",
        "filename": "tests\\e2e\\test_authentication_security.py",
        "hashed_secret": "641f19c573678f7a95319e4f79aa09630965a669",
        "is_verified": false,
        "line_number": 197
      },
      {
        "type": "Secret Keyword",
        "filename": "tests\\e2e\\test_authentication_security.py",
        "hashed_secret": "aee395311496edd3107aae97294e1c5708de505b",
        "is_verified": false,
        "line_number": 388
      },
      {
        "type": "Secret Keyword",
        "filename": "tests\\e2e\\test_authentication_security.py",
        "hashed_secret": "98e540ffae8223c143f1453da4c8604ca943213e",
        "is_verified": false,
        "line_number": 573
      }
    ],
    "tests\\e2e\\test_enterprise_security.py": [
      {
        "type": "Secret Keyword",
        "filename": "tests\\e2e\\test_enterprise_security.py",
        "hashed_secret": "3522c92498fe4828919ec55f75248c65403aa2d9",
        "is_verified": false,
        "line_number": 85
      },
      {
        "type": "Secret Keyword",
        "filename": "tests\\e2e\\test_enterprise_security.py",
        "hashed_secret": "0c6ba03885f3aae765fbf20f07f514a44dbda30a",
        "is_verified": false,
        "line_number": 110
      },
      {
        "type": "Secret Keyword",
        "filename": "tests\\e2e\\test_enterprise_security.py",
        "hashed_secret": "2e0878ddb576f6e01b0ca4b14a2aafabb568ed16",
        "is_verified": false,
        "line_number": 270
      }
    ],
    "tests\\e2e\\test_multi_tenant_operations.py": [
      {
        "type": "Secret Keyword",
        "filename": "tests\\e2e\\test_multi_tenant_operations.py",
        "hashed_secret": "0f1159104628ae28a0811b1b611d778c5d269eb7",
        "is_verified": false,
        "line_number": 89
      },
      {
        "type": "Secret Keyword",
        "filename": "tests\\e2e\\test_multi_tenant_operations.py",
        "hashed_secret": "70c9d0ab6fb6b21636fd07a0c3b55f467cdee99a",
        "is_verified": false,
        "line_number": 99
      },
      {
        "type": "Secret Keyword",
        "filename": "tests\\e2e\\test_multi_tenant_operations.py",
        "hashed_secret": "f2f53b91b00da578ed2af4342f38714d7ba4e064",
        "is_verified": false,
        "line_number": 221
      },
      {
        "type": "Secret Keyword",
        "filename": "tests\\e2e\\test_multi_tenant_operations.py",
        "hashed_secret": "0a6465f17c99a82be3164abdc085c5338a70c820",
        "is_verified": false,
        "line_number": 230
      },
      {
        "type": "Secret Keyword",
        "filename": "tests\\e2e\\test_multi_tenant_operations.py",
        "hashed_secret": "ec51501ae3d59d974b425f34c6d42832c879165a",
        "is_verified": false,
        "line_number": 409
      },
      {
        "type": "Secret Keyword",
        "filename": "tests\\e2e\\test_multi_tenant_operations.py",
        "hashed_secret": "90c4ca1802e3818e31cc620f808edf7af5cccd47",
        "is_verified": false,
        "line_number": 420
      },
      {
        "type": "Secret Keyword",
        "filename": "tests\\e2e\\test_multi_tenant_operations.py",
        "hashed_secret": "c453fceba28e6c29ff6eb306f753ca4eb0ffa674",
        "is_verified": false,
        "line_number": 607
      },
      {
        "type": "Secret Keyword",
        "filename": "tests\\e2e\\test_multi_tenant_operations.py",
        "hashed_secret": "a7b7d71f275441bfbe241569e6fc9c6e81a38ef7",
        "is_verified": false,
        "line_number": 616
      },
      {
        "type": "Secret Keyword",
        "filename": "tests\\e2e\\test_multi_tenant_operations.py",
        "hashed_secret": "52f5a75f797c9eda3344190621d7c6bdadf290eb",
        "is_verified": false,
        "line_number": 713
      }
    ],
    "tests\\e2e\\test_security_penetration.py": [
      {
        "type": "Secret Keyword",
        "filename": "tests\\e2e\\test_security_penetration.py",
        "hashed_secret": "d8ecf7db8fc9ec9c31bc5c9ae2929cc599c75f8d",
        "is_verified": false,
        "line_number": 448
      },
      {
        "type": "Secret Keyword",
        "filename": "tests\\e2e\\test_security_penetration.py",
        "hashed_secret": "641f19c573678f7a95319e4f79aa09630965a669",
        "is_verified": false,
        "line_number": 600
      }
    ],
    "tests\\e2e_config.json": [
      {
        "type": "Basic Auth Credentials",
        "filename": "tests\\e2e_config.json",
        "hashed_secret": "9fb7fe1217aed442b04c0f5e43b5d5a7d3287097",
        "is_verified": false,
        "line_number": 5
      },
      {
        "type": "Secret Keyword",
        "filename": "tests\\e2e_config.json",
        "hashed_secret": "220b4275a25e526dbc78204cf71887403c587ff9",
        "is_verified": false,
        "line_number": 29
      },
      {
        "type": "Secret Keyword",
        "filename": "tests\\e2e_config.json",
        "hashed_secret": "4e729bc7e2bbad742e939cc2372e3f1671b827b7",
        "is_verified": false,
        "line_number": 35
      },
      {
        "type": "Secret Keyword",
        "filename": "tests\\e2e_config.json",
        "hashed_secret": "09917df7ee98c45a75f76c3292d3cc153b6235d2",
        "is_verified": false,
        "line_number": 41
      },
      {
        "type": "Secret Keyword",
        "filename": "tests\\e2e_config.json",
        "hashed_secret": "6845d98a0b8c5f40df02dae281c92429e11f994e",
        "is_verified": false,
        "line_number": 47
      }
    ],
    "tests\\test_enterprise_integration.py": [
      {
        "type": "Secret Keyword",
        "filename": "tests\\test_enterprise_integration.py",
        "hashed_secret": "f409ce90a1cd144912d1df8620215b2dc9fda731",
        "is_verified": false,
        "line_number": 67
      },
      {
        "type": "Secret Keyword",
        "filename": "tests\\test_enterprise_integration.py",
        "hashed_secret": "1089adfb1f11b95df31344030507912b5abdf57a",
        "is_verified": false,
        "line_number": 218
      },
      {
        "type": "Secret Keyword",
        "filename": "tests\\test_enterprise_integration.py",
        "hashed_secret": "e361a4dcd7366a47be1c7f3e3109514af3385633",
        "is_verified": false,
        "line_number": 379
      },
      {
        "type": "Secret Keyword",
        "filename": "tests\\test_enterprise_integration.py",
        "hashed_secret": "58fb7b75bd52f6306c1b23499db8373cc07397f8",
        "is_verified": false,
        "line_number": 380
      }
    ]
  },
  "generated_at": "2025-06-23T12:15:10Z"
}
